About=Help1.html#0;About;;
Tips=Help1.html#1;Tips;;
S1=Help1.html#2;Prerequisite;;
S2=Help1.html#3;Elephant;;
S21=Help1.html#4;Workplanes;;
S22=Help1.html#5;Views;;
S3=Untitled-3.html#6;Outline;;
S31=Untitled-3.html#7;Draw;;
S32=Untitled-3.html#8;Adjust;;
S33=Untitled-4.html#9;Ear;;
S34=Untitled-5.html#10;Legs;;
S35=Untitled-5.html#11;Body;;
S36=Untitled-6.html#12;Locking;;
S37=Untitled-6.html#13;Check;;
S4=Untitled-7.html#14;Shape;;
S41=Untitled-7.html#15;Trunk;;
S43=Untitled-8.html#16;Forehead;;
S42=Untitled-8.html#17;Mouth;;
S43=Untitled-8.html#18;Ears;;
S45=Untitled-9.html#19;Connecting;;
S46=Untitled-9.html#20;Legs;;
S47=Untitled-10.html#21;Managing;;
S48=Untitled-11.html#22;Abdomen;;
S49=Untitled-11.html#23;SplineMesh;;
S410=Untitled-11.html#24;Symmetry;;
S5=Untitled-12.html#25;Finishing;;
D1=Untitled-12.html#26;Adding;;
D2=Untitled-12.html#27;Deleting;;
D3=Untitled-12.html#28;Welding;;
D4=Untitled-12.html#29;Bending;;
=Untitled-13.html#30;End;;
=Untitled-13.html#31;Next;;
