Intro=Help1.html#0;1.Introduction;;
Overview=Help1.html#1;Features:;;
Introduction=Help1.html#2;About;;
Registration=Help1.html#3;Registration;;
ModifyHistory=Help1.html#4;History;;
Refer=Untitled-2.html#5;2.Reference;;
layout=Untitled-2.html#6;Layout;;
whole_layout=Untitled-2.html#7;Interface;;
lay_PersWay=Untitled-2.html#8;(1)Perspective_view;;
lay_XYWay=Untitled-2.html#9;(2)XY_view;;
lay_YZWay=Untitled-2.html#10;(3)YZ_view;;
lay_XZWay=Untitled-2.html#11;(4)XZ_view;;
lay_QuickArea=Untitled-2.html#12;(5)QuickArea;;
lay_EditTools=Untitled-2.html#13;(6)Edit_Toolbar;;
lay_ViewTools=Untitled-2.html#14;(7)View_Toolbar;;
lay_QuickTool=Untitled-2.html#15;(8)Quick_Toolbar;;
lay_SelectTools=Untitled-2.html#16;(9)Select_Toolbar;;
lay_SelectFilter=Untitled-2.html#17;(10)Select_filter_bar;;
lay_PreviewStyle=Untitled-2.html#18;(11)Preview_setting_bar;;
lay_Property=Untitled-2.html#19;(12)Property_Bar;;
lay_Undo=Untitled-2.html#20;(13)Undo_bar;;
lay_Image=Untitled-2.html#21;(14)image_bar;;
lay_WaySplit=Untitled-2.html#22;(15)Drawing_Split_Bar;;
lay_Status=Untitled-2.html#23;(16)Status_bar;;
lay_PanelTray=Untitled-2.html#24;(17)Panel_tray;;
lay_MainMenu=Untitled-2.html#25;(18)Window_Menus;;
=Untitled-2.html#26;Views_&_Planes;;
WorkArea=Untitled-2.html#27;WorkArea;;
3Way_layout=Untitled-2.html#28;3-Way_view;;
lay_3wayWorkArea=Untitled-2.html#29;(1)Work_areas;;
lay_3wayQuickArea=Untitled-2.html#30;(2)QuickArea;;
lay_3wayMaximize=Untitled-2.html#31;(3)Maximize/split_toggle;;
lay_3wayReverse=Untitled-2.html#32;(4)Reverse_view;;
Pers_layout=Untitled-2.html#33;Perspective_view;;
lay_PersWorkArea=Untitled-2.html#34;(1)View/Work_area;;
lay_PersQuickArea=Untitled-2.html#35;(2)QuickArea;;
lay_PersMaximize=Untitled-2.html#36;(3)Toggle_Full/Split_view;;
lay_WorkPlaneXY=Untitled-2.html#37;(4)XY_workplane;;
lay_WorkPlaneYZ=Untitled-2.html#38;(5)YZ_workplane;;
lay_WorkPlaneXZ=Untitled-2.html#39;(6)XZ_workplane;;
lay_WorkPlanePoly=Untitled-2.html#40;(7)Select_polygon_workplane;;
lay_WorkPlaneScreen=Untitled-2.html#41;(8)Turn_screen_into_work_plane;;
lay_WorkPlaneAuto=Untitled-2.html#42;(9)Automatically_select_work_plane;;
lay_WorkPlaneGyakkou=Untitled-2.html#43;(10)Vertex_movement_with_correction_(Gyakkou_algorithm);;
3DWorkPlanes=Untitled-2.html#44;3D_WorkPlanes;;
WorkPlaneOffset=Untitled-2.html#45;Workplane_Offset;;
SetWorkPlaneXY=Untitled-2.html#46;XY_workplane_example;;
DrawPolyOnWorkPlane=Untitled-2.html#47;3D_Perspective_Workplane_example;;
MoveOnWorkPlane=Untitled-2.html#48;Move_object_on_workplane;;
MoveVerticalWorkPlane=Untitled-2.html#49;Move_object_vertically_from_workplane;;
MoveOnWorkPlane2=Untitled-2.html#50;Move_object_off_workplane;;
DrawPolyOnPoly=Untitled-2.html#51;Generate_a_surface_using_an_object_offset;;
SetWorkPlane_offset=Untitled-2.html#52;Offset_example;;
SetWorkPlane_tip=Untitled-2.html#53;Workplane_and_Offset_tips;;
MainMenu=Untitled-3.html#54;Window_Menus;;
FileMenu=Untitled-3.html#55;File;;
FileNew=Untitled-3.html#56;New;(Ctrl+N);
FileOpen=Untitled-3.html#57;Open...;(Ctrl+O);
FileSave=Untitled-3.html#58;Save...;(Ctrl+S);
FileSaveAs=Untitled-3.html#59;Save_As...;;
FileImport=Untitled-3.html#60;Import...;;
FileExport=Untitled-3.html#61;Export...;;
FileExit=Untitled-3.html#62;eXit;(Alt+F4);
EditMenu=Untitled-3.html#63;Edit;;
EditUndo=Untitled-3.html#64;Undo;(Ctrl+Z);
Edit=Untitled-3.html#65;Redo;;&actRedo
EditBreak=Untitled-3.html#66;Mode_cancel;(Esc);
EditCut=Untitled-3.html#67;Cut;(Ctrl+X);
EditCopy=Untitled-3.html#68;Copy;(Ctrl+C);
EditPaste=Untitled-3.html#69;Paste;(Ctrl+V);
EditDelete=Untitled-3.html#70;Delete;(Del);
EditDeleteEx=Untitled-3.html#71;Special-delete;(BkSp);
EditDeleteObject=Untitled-3.html#72;Delete_obj;;
EditSubTool=Untitled-3.html#73;Tool;;
EditSubSelTool=Untitled-3.html#74;Select_tool;;
EditSubWorkplane=Untitled-3.html#75;WorkPlane;;
WorkPlaneIsXY=Untitled-3.html#76;Set_XY_plane_as_WorkPlane;;
WorkPlaneIsYZ=Untitled-3.html#77;Set_YZ_plane_as_WorkPlane;;
WorkPlaneIsXZ=Untitled-3.html#78;Set_XZ_plane_as_WorkPlane;;
WorkPlaneIsScreen=Untitled-3.html#79;Set_screen_as_WorkPlane;;
WorkPlaneIsPoly=Untitled-3.html#80;Set_WorkPlane_to_selected_polygons;;
AutoWorkPlane=Untitled-3.html#81;Set_XY,YZ_or_XZ_WorkPlane_automaticaly;;
GyakkouWorkPlane=Untitled-3.html#82;Set_WorkPlane_to_Perspected_Depth_Mode;;&actWorkGyakkou
EditSelAll=Untitled-3.html#83;Select_all;(Ctrl+A);
EditUnSel=Untitled-3.html#84;Un_Select;;
EditSelInv=Untitled-3.html#85;Select_inverse;;
EditSelSingle=Untitled-3.html#86;Select_single_edges;;
EditSelDopelA=Untitled-3.html#87;Select_overlap_edges;;
EditSel2Tri=Untitled-3.html#88;Select_common_edge_between_two_triangles;;
SelectTerminalEdge=Untitled-3.html#89;Select_terminating_edge;;
SelectSameMaterial=Untitled-3.html#90;Select_continuous_faces_with_same_material;;
SelectMaterialFaces=Untitled-3.html#91;Select_faces_with_current_material;;
EditSelToTemp=Untitled-3.html#92;Select_to_Temporary;;
EditTempToSel=Untitled-3.html#93;Temporary_to_Select;;
MeshMenu=Untitled-3.html#94;Mesh_Modeling;;
MeshPrimitive=Untitled-3.html#95;Make_primitive_object;;
MeshPrimSphere=Untitled-3.html#96;Sphere...;;
MeshPrimSquare=Untitled-3.html#97;Cube...;;
MeshPrimCylinder=Untitled-3.html#98;Cylinder...;;
MeshPrimCorn=Untitled-3.html#99;Cone...;;
MeshPrimDonut=Untitled-3.html#100;Torus...;;
MeshPrimPlane=Untitled-3.html#101;Plane...;;
MeshLathe=Untitled-3.html#102;Lathe...;;
MeshCollision=Untitled-3.html#103;Collision;;
MeshVertexCollisionDeform=Untitled-3.html#104;Sense_vertex_Collision-Transform;;
MeshVertexCollisionMove=Untitled-3.html#105;Sense_vertex_Collision-Move;;
MeshEffectFilter=Untitled-3.html#106;Effects;;
MeshRelaxFilter=Untitled-3.html#107;Smooth/Relax_filter1;(Ctrl+R);
MeshRelaxFilter1=Untitled-3.html#108;Smooth/Relax_filter2;(Ctrl+E);
MeshBumpyFilter=Untitled-3.html#109;Bumpy_filter;;
MeshEffectDiv=Untitled-3.html#110;Divide;;
MeshPolySeparate=Untitled-3.html#111;Detach_Polygons;(V);
MeshPolySeparateByEdge=Untitled-3.html#112;Separate_By_Edges;;
MeshTriangratePoly=Untitled-3.html#113;Triangulate_Polygon;;
MeshSubDivide=Untitled-3.html#114;Subdivide;(Ctrl+G);
MeshPushBevel=Untitled-3.html#115;Bevel_Edge;;
MeshPush=Untitled-3.html#116;Extrude;;
MeshMakePolyAll=Untitled-3.html#117;Fill_all_polygons;;
MeshMakePolySel=Untitled-3.html#118;Fill_selected_polygons;;
MeshAdjustPolygon=Untitled-3.html#119;Make_all_surfaces_face_the_same_direction;;
MeshAlignPolygon=Untitled-3.html#120;Align_vertices...;;
MeshBooleanCut=Untitled-3.html#121;;;
MeshFlipPolygon=Untitled-3.html#122;Reverse_selected_surface_direction;(Z);
MeshDuplicate=Untitled-3.html#123;Duplicate...;(Ctrl+D);
MeshArrayCopy=Untitled-3.html#124;ArrayDuplicate...;;
MeshWeld=Untitled-3.html#125;Weld...;(Ctrl+W);
MeshMoveToWorkPlane=Untitled-3.html#126;Move_selected_vertices_to_current_WorkPlane;;
MeshFlatPolygon=Untitled-3.html#127;Flatten_polygon;;
HideSelected=Untitled-3.html#128;Hide_selected_parts;(Ctrl+H);
HideUnSelected=Untitled-3.html#129;Hide_unselected_parts;;
UnHide=Untitled-3.html#130;Show_hidden_parts;;
Naming=Untitled-3.html#131;New_Named_Faces;(Alt+N);
ColorChange=Untitled-3.html#132;Change_selected_polygons_color;;
PickMaterial=Untitled-3.html#133;Pick_material_from_selected_face;;
MirrorMenu=Untitled-3.html#134;Mirror/Curve;;
AllMirror=Untitled-3.html#135;SimpleMirror;(F3);
MirrorMakeMirror=Untitled-3.html#136;Make_symmetric_shape_of_selected_parts;(F2);
MirrorSelectUnMirror=Untitled-3.html#137;Release_symmetric_shape_of_selected_elements;(Alt+F2);
MirrorSelectFreezMirror=Untitled-3.html#138;Weak_fix_symmetric_shape_of_selected_elements;(Ctrl+Alt+F2);
MirrorUnMirror=Untitled-3.html#139;Release_symmetry;;
MirrorFreezMirror=Untitled-3.html#140;Fix_symmetric_parts;(Ctrl+F3);
Curves=Untitled-3.html#141;Curves;;
ChangeSplineSurf=Untitled-3.html#142;Subpatch_Mesh_1_(curved);(F4);
ChangeSplinePatch=Untitled-3.html#143;Subpatch_Mesh_2_(straight);;
FreezeSpline=Untitled-3.html#144;Freeze_(bake_a_clone)_Subpatch_mesh_to_Polygon;(Ctrl+F4);
SharpEdge=Untitled-3.html#145;Sharpen_edge;(S);
UnSharpEdge=Untitled-3.html#146;Smooth_edge;(Shift+S);
SharpVertex=Untitled-3.html#147;Sharpen_vertex(Maximize_weight);(Alt+S);
UnSharpVertex=Untitled-3.html#148;Smooth_vertex(Reset_weight);(Shift+Alt+S);
SubpatchWeight=Untitled-3.html#149;for;;surface
SubpatchWeightUp=Untitled-3.html#150;Weight_up;;
SubpatchWeightDown=Untitled-3.html#151;Weight_down;;
PartsMenu=Untitled-3.html#152;Parts/Bone;;
FreezeParts=Untitled-3.html#153;Freeze_(bake_a_clone)_'Parts'/'Deform';;
PartsToWorkPlane=Untitled-3.html#154;Move_Parts/Bone_to_Workplane;;
ParsMirror=Untitled-3.html#155;Make_mirror_Parts/Bone;;
AttachBoneSimple=Untitled-3.html#156;Attach_and_Activate_bone_(Simple);;
DetachBoneSimple=Untitled-3.html#157;Detach_and_Deactivate_bone_(Simple);;
PartsResetPosition=Untitled-3.html#158;Reset_Parts/Bone_positon;;
BoneTips=Untitled-3.html#159;Bone_tips;;
BoneExample=Untitled-3.html#160;Bone_Example;;
AttachBone=Untitled-3.html#161;Attach_vertices_to_bone_;;
Skinmode=Untitled-3.html#162;Activate_bone;;
DeactivateSkinMode=Untitled-3.html#163;Deactivate_bone;;
ImportParts=Untitled-3.html#164;Import_.mcl_file_as_'Parts';;
ImageMenu=Untitled-3.html#165;UV/Image;;
UVGenerate=Untitled-3.html#166;Selected_Mesh_Unwrap_/_UV_mapping...;;
UVBurn=Untitled-3.html#167;Bake_UV_texture_map;;
ImageCopyToClipborad=Untitled-3.html#168;Send_image_to_clipboard;;
ImagePasteFromClipborad=Untitled-3.html#169;Get_image_from_clipboard;;
ImageTempSize=Untitled-3.html#170;Change_texture's_size_and_positon...;;
ImageTempHalfTone=Untitled-3.html#171;Light_color;;
ImageTempOpen=Untitled-3.html#172;Load_Image;;
ImageModelingTemplate=Untitled-3.html#173;Image_planes_/_UV_Texture;;
ImageImportToXY=Untitled-3.html#174;actImageXY;;
ImageImportToYZ=Untitled-3.html#175;actImageYZ;;
ImageImportToZX=Untitled-3.html#176;actImageZX;;
ImageImportToUV=Untitled-3.html#177;Attach_UV_to_object;;
ViewMenu=Untitled-3.html#178;View;;
ViewRefresh=Untitled-3.html#179;Refresh_window;(F5);
Grid=Untitled-3.html#180;Grid_option...;;
GridSnap=Untitled-3.html#181;snap;;&actGridOnOff
OptionMenu=Untitled-3.html#182;Option;;
WindowMenu=Untitled-3.html#183;Window;;
HelpMenu=Untitled-3.html#184;Help;;
ContextMenu=Untitled-4.html#185;Mouse_right_click_menu;;
BreakPop=Untitled-4.html#186;Mode_cancel;(Esc);
Enter=Untitled-4.html#187;Continue;;
CursorAt=Untitled-4.html#188;Move_WorkPlane_to_mouse_pointer;;
ViewAt=Untitled-4.html#189;view;;here
SelectRelated=Untitled-4.html#190;connection;;point
ContextNaming1=Untitled-4.html#191;the;;selection>
ContextNaming2=Untitled-4.html#192;name;;&actNaming
ToolBars=Untitled-5.html#193;toolbars;;
EditTools=Untitled-5.html#194;Edit_Tools;;
ToolOption=Untitled-5.html#195;Tool_Option;;
MoveTool=Untitled-5.html#196;Move;(1);movetool.gif
FacetTool=Untitled-5.html#197;face/UV_weld;(3);facetool.gif
AddPointTool=Untitled-5.html#198;Add_vertex;(4);pointtool.gif
PolylineTool=Untitled-5.html#199;Polyline;(5);polytool.gif
FreehandlineTool=Untitled-5.html#200;Freehand_polyline;;freehandtool.gif
CutTool=Untitled-5.html#201;Cut;(6);knifetool.gif
ClayTool=Untitled-5.html#202;Clay_tool;;claytool.gif
ExtrudeTool=Untitled-5.html#203;Extrude;(7);extrudetool.gif
BevelExtrude=Untitled-5.html#204;bevel;;
EdgeExtrude=Untitled-5.html#205;vertex;;extrusion
Roll2D=Untitled-5.html#206;2D_Rotate;(8);rolltool.gif
ScaleTool=Untitled-5.html#207;Scale_;(9);scaletool.gif
BoneDrawTool=Untitled-5.html#208;Bone_Creation_Tool;;longbonetool.gif
FacetFlowTool=Untitled-5.html#209;Face_Flow_Tool;;facetflowtool.gif
SelectTools=Untitled-6.html#210;Selection_Tools;;
SelectOption=Untitled-6.html#211;select_option;;
SelectPoint=Untitled-6.html#212;selection;;&actSelPoint
SelectRect=Untitled-6.html#213;selection;;&actSelRect
SelectMagnet=Untitled-6.html#214;magnet;;&actSelRel
SelectLasso=Untitled-6.html#215;selection;;&actSelFreeHand
SelectPaint=Untitled-6.html#216;selection;;&actSelPaint
SelectFilter=Untitled-6.html#217;Select_Filter;;
VertexFilter=Untitled-6.html#218;filter;;&actFilterPoint
EdgeFilter=Untitled-6.html#219;filter;;&actFilterEdge
PolyFilter=Untitled-6.html#220;filter;;&actFilterPoly
RevPolyFilter=Untitled-6.html#221;filter;;&actFilterRevPoly
PolyRel=Untitled-6.html#222;filter;;&actFilterRel
PreviewStyle=Untitled-7.html#223;preview_style;;
WirePreview1=Untitled-7.html#224;Wire_frame;;
WirePreview2=Untitled-7.html#225;Wire_frame2;;
FlatPreview1=Untitled-7.html#226;Shading(surface_and_edge)_;;
FlatPreview2=Untitled-7.html#227;Shading2(face);;
TexturePreview=Untitled-7.html#228;Textured;;
SmootnPreview=Untitled-7.html#229;shading;;&actPreviewSmooth
ShaderPreview=Untitled-7.html#230;Shader;;&actPreviewAdvancedShader
OpenGLPreviewOpenGL=Untitled-7.html#231;&actOpenGL;;
ViewTools=Untitled-8.html#232;Perspective_Tools;;
ViewOption=Untitled-8.html#233;change;;window
Zoomin=Untitled-8.html#234;Zoom_in_;(Ctrl+=);zoomin.gif
Zoomout=Untitled-8.html#235;Zoom_out;(Ctrl+-);zoomout.gif
HandTool=Untitled-8.html#236;handtool.gif;;
ZoomTool=Untitled-8.html#237;tool;;actViewZoom
ViewRollTool=Untitled-8.html#238;Tool;;actViewMove
RegionZoomTool=Untitled-8.html#239;Zoom;;Tool
LightTool=Untitled-8.html#240;tool;;actLightMove
QuickTool=Untitled-8.html#241;QuickTool;;
QuickAlt=Untitled-8.html#242;key;;
QuickAltShift=Untitled-8.html#243;key;;
QuickAltCtrl=Untitled-8.html#244;key;;
QuickCtrlShift=Untitled-8.html#245;key;;
QuickSpace=Untitled-8.html#246;key;;
ImageBar=Untitled-8.html#247;Image_bar;;
PropertyWindowBar=Untitled-8.html#248;Property_bar;;
UndoBar=Untitled-8.html#249;UndoBar;;
UndoButton=Untitled-8.html#250;Undo;(Ctrl+Z);
RedoButton=Untitled-8.html#251;Redo;(Shift+Ctrl+Z);
WaySplitBar=Untitled-8.html#252;Drawing_Split_bar;;
StatusBar=Untitled-8.html#253;Status_bar;;
Window=Untitled-9.html#254;Windows;;
ObjectWindow=Untitled-9.html#255;Object_window;;
ToolOptionWindow=Untitled-9.html#256;option;;
ToolMoveWindow=Untitled-9.html#257;tool;;option
ToolFacetWindow=Untitled-9.html#258;tool;;options
ToolPolylineWindow=Untitled-9.html#259;tool;;options
ToolAddPointWindow=Untitled-9.html#260;vertex;;tool
ToolClayWindow=Untitled-9.html#261;Clay_Tool_Options;;
ToolExtrueWindow=Untitled-9.html#262;Tool;;Options
Tool2DRotateWindow=Untitled-9.html#263;Tool2DRotateWindow;;
ToolScalingWindow=Untitled-9.html#264;ToolScalingWindow;;
SelectOptionWindow=Untitled-9.html#265;option;;
ViewOptionWindow=Untitled-9.html#266;change;;window
3DLoope=Untitled-9.html#267;Show_loupe;(A);
PropertyWindow=Untitled-9.html#268;Property_window;;
VecCalc=Untitled-9.html#269;Calculator;;
Dock=Untitled-9.html#270;Docking;;
DockToolBar=Untitled-9.html#271;toolbar;;
DockWindow=Untitled-9.html#272;windows;;
PanelTray=Untitled-9.html#273;Panel_tray;;
OptionConfig=Untitled-10.html#274;Preferences;;
HowTo=Untitled-11.html#275;3.HowTo;;
PolygonOperation=Untitled-11.html#276;operation;;
MakePrimitive=Untitled-11.html#277;shape;;creation
HowToSetPrimitive=Untitled-11.html#278;Placement;;
HowToSelect=Untitled-11.html#279;HowToSelect;;
SingleClickSel=Untitled-11.html#280;selection;;method
AreaSel=Untitled-11.html#281;selection;;
DoubleClickSel=Untitled-11.html#282;click;;selection
EdgeSel=Untitled-11.html#283;edge;;selection
ObjectSel=Untitled-11.html#284;polygon;;selection
BeltSel=Untitled-11.html#285;selection;;
PaintSel=Untitled-11.html#286;continuous;;selection
AllSel=Untitled-11.html#287;All;;&actSelectAll
DopelEdgeSel=Untitled-11.html#288;edge;;selection
SingleEdge=Untitled-11.html#289;edge;;selection
TriEdgeSel=Untitled-11.html#290;shared;;edge
SelectSameMaterial=Untitled-11.html#291;color;;
SelectByObjectWindow=Untitled-11.html#292;by;;object
MoveObjectVertex=Untitled-11.html#293;Move/Rotate/Scale;;
SelectObject=Untitled-11.html#294;object;;
MoveMove=Untitled-11.html#295;move;;
ManiMove=Untitled-11.html#296;using;;the
RollRoll=Untitled-11.html#297;Rotate;;
ManiRoll=Untitled-11.html#298;rotation;;
ScaleScale=Untitled-11.html#299;scale;;
MakeFacet=Untitled-11.html#300;Polygon_generation_with_mouse;;
UseFacetTool=Untitled-11.html#301;Create_a_single_face;;
UseExist=Untitled-11.html#302;faces;;continuously
StripMakePoly=Untitled-11.html#303;2;;faces
Triangulate=Untitled-11.html#304;a;;square
Split=Untitled-11.html#305;an;;existing
FacetWarning1=Untitled-11.html#306;when;;creating
FacetWarning2=Untitled-11.html#307;2;;when
UseGuide=Untitled-11.html#308;guidelines;;
DrawGuide=Untitled-11.html#309;a;;guideline
UsePolyline=Untitled-11.html#310;Polyline;;Tool
UseFreeHand=Untitled-11.html#311;the;;freehand
GuideLock=Untitled-11.html#312;guideline;;
UseExtrude=Untitled-11.html#313;the;;extrude
MakeFacetExtrude=Untitled-11.html#314;generation;;by
MakeFacetFromEdge=Untitled-11.html#315;face;;from
MakeFacetFromEdge=Untitled-11.html#316;vertices;;
Fusion=Untitled-11.html#317;Synthesis;;
FusionPointByMouse=Untitled-11.html#318;vertices;;by
FusionPoint=Untitled-11.html#319;Merge;;
FusionPoly=Untitled-11.html#320;Faces;;
Numeric=Untitled-11.html#321;value;;input
Caution=Untitled-11.html#322;(+);;
Nudge=Untitled-11.html#323;Nudge;;
Manipulator=Untitled-12.html#324;Manipulator;;
WorldManipulator=Untitled-12.html#325;manipulator;;ON
LocalManipulator=Untitled-12.html#326;manipulator;;ON
ManipulatorOff=Untitled-12.html#327;OFF;;
ObjectHandling=Untitled-13.html#328;operations;;
MakeObject=Untitled-13.html#329;creation;;
ob_Startup=Untitled-13.html#330;immediately;;after
ob_firstmake=Untitled-13.html#331;first;;object
obj_addpoly=Untitled-13.html#332;Polygon;;
obj_newpolymesh=Untitled-13.html#333;polymesh;;name
obj_addpoly2=Untitled-13.html#334;polygon;;to
obj_newpolymesh2=Untitled-13.html#335;polymesh;;name②
RuleAddMesh=Untitled-13.html#336;polygon;;and
Grouping=Untitled-13.html#337;grouping;;
UnGrouping=Untitled-13.html#338;UnGrouping;;
GroupRename=Untitled-13.html#339;Rename;;
ViewChange=Untitled-14.html#340;the;;viewpoint
UseWheel=Untitled-14.html#341;mouse;;button
QuickArea=Untitled-14.html#342;QuickArea;;
PerspectiveView=Untitled-14.html#343;PerspectiveView;;
3WayView=Untitled-14.html#344;3WayView;;
UseQuickTool=Untitled-14.html#345;Quick;;Tool
Select=Untitled-14.html#346;the;;UseNormal
SmartScroll=Untitled-14.html#347;smart;;scrolling
Before=Untitled-14.html#348;drag;;and
Using=Untitled-14.html#349;ArvelMouse;;trackball
SplineSurf=Untitled-15.html#350;surface;;
MakeSplineSurf=Untitled-15.html#351;generation;;
FreezeSplineObject=Untitled-15.html#352;surface;;
TuneSplineStyle=Untitled-15.html#353;tuning;;of
SelectiveMirror=Untitled-16.html#354;Symmetry_Edit;;
Template=Untitled-17.html#355;display;;
Note:=Untitled-17.html#356;you;;enlarge
ChangeAttribute=Untitled-18.html#357;operation;;
UVEdit=Untitled-19.html#358;editing;;
AttachUVValue=Untitled-19.html#359;value;;assignment
UVSelectMesh=Untitled-19.html#360;the;;part
UVAttach=Untitled-19.html#361;assignment;;
UVCheck1=Untitled-19.html#362;check;;
UVCheck2=Untitled-19.html#363;check;;
AbdomenSplit=Untitled-19.html#364;off;;the
AbdomenRoll=Untitled-19.html#365;to;;roll
AbdomenRoll2=Untitled-19.html#366;the;;abdomen
AllUVSet=Untitled-19.html#367;UVs;;to
MekeUVtemplate=Untitled-19.html#368;template;;creation
UVTemplate=Untitled-19.html#369;UV;;template
UVMapping=Untitled-19.html#370;pasting;;
UVFinish=Untitled-19.html#371;completed;;
HighlevelEdit=Untitled-20.html#372;level;;edit
VertexCollision=Untitled-20.html#373;Collision;;Detection
Note:=Untitled-20.html#374;there;;is
EffectFilter=Untitled-20.html#375;filter;;
BooleanCut=Untitled-20.html#376;cut;;
SimpleBone=Untitled-21.html#377;bone;;
BonePrepare=Untitled-21.html#378;preparation;;
BoneDraw=Untitled-21.html#379;Creation;;
Apply=Untitled-21.html#380;Bone;;
DeformBone=Untitled-21.html#381;deformation;;
DetachBone=Untitled-21.html#382;Bone;;
AdvancedBone=Untitled-21.html#383;bone;;manipulation
HighlightElement=Untitled-22.html#384;display;;
HilightAtVertex=Untitled-22.html#385;highlighting;;
HightlightEdge=Untitled-22.html#386;highlighting;;
HightlightPolygon=Untitled-22.html#387;highlighting;;
HighlightObject=Untitled-22.html#388;highlighting;;
TestRendering=Untitled-23.html#389;rendering;;&actTestRender
TestRenderRedQueen2=Untitled-23.html#390;render;;&actTestRenderRRT
FileInOut=Untitled-24.html#391;input/output;;
ImportFormat=Untitled-24.html#392;import;;
ROK=Untitled-24.html#393;Great;;King
DXFimport=Untitled-24.html#394;format;;input
OBJ=Untitled-24.html#395;format;;input
RDS=Untitled-24.html#396;input;;
CarraraFile=Untitled-24.html#397;format;;input
3DS=Untitled-24.html#398;format;;input
LWOImport=Untitled-24.html#399;format;;input
MQOImporter=Untitled-24.html#400;format;;input
Export=Untitled-24.html#401;Export;;
RDS=Untitled-24.html#402;Dream;;Studio
OBJ=Untitled-24.html#403;format;;output
DXFexport=Untitled-24.html#404;format;;output
POV=Untitled-24.html#405;format;;output
3DS=Untitled-24.html#406;format;;output
LWOExport=Untitled-24.html#407;format;;export
RRT=Untitled-24.html#408;format;;output
MQOExporter=Untitled-24.html#409;format;;output
AutoBackup=Untitled-24.html#410;Autosave;;
AutoBackUpMode=Untitled-24.html#411;work;;state
Generation=Untitled-24.html#412;generation;;management
Plugin=Untitled-25.html#413;Plugin;;
Script=Untitled-25.html#414;script;;
Tips=Untitled-26.html#415;Tips;;
Wheel=Untitled-26.html#416;a;;wheel
Bend=Untitled-26.html#417;object;;
SmoothBend=Untitled-26.html#418;SmoothBend;;
Other=Untitled-27.html#419;4.Other;;
=Untitled-27.html#420;Q&A;;
QQ=Untitled-27.html#421;figures;;are
QQ=Untitled-27.html#422;curved;;surfaces
QQ=Untitled-27.html#423;should;;I
QQ=Untitled-27.html#424;key;;sometimes
Changing=Untitled-27.html#425;workspace;;does
Garbage=Untitled-27.html#426;on;;the
QQ=Untitled-27.html#427;it;;possible
VideoCard=Untitled-28.html#428;card;;compatibility
ATI=Untitled-28.html#429;ATI-RADEON;;
NVIDIANVIDIA-GeForce=Untitled-28.html#430;NVIDIANVIDIA-GeForce;;
PowerVRPowerVR=Untitled-28.html#431;PowerVRPowerVR;;
Intel=Untitled-28.html#432;Intel;;
Other=Untitled-28.html#433;Other;;
=Untitled-29.html#434;Acknowledgments;;
For=Untitled-29.html#435;convenience;;of
=AutoJump.html#436;;;
